------------------------------------------------------------
TimeQuest Timing Analyzer Summary
------------------------------------------------------------

Type  : Slow 1200mV 85C Model Setup 'clk_in0'
Slack : -2.038
TNS   : -37.401

Type  : Slow 1200mV 85C Model Setup 'clk_system'
Slack : -1.230
TNS   : -5.767

Type  : Slow 1200mV 85C Model Hold 'clk_in0'
Slack : 0.435
TNS   : 0.000

Type  : Slow 1200mV 85C Model Hold 'clk_system'
Slack : 0.455
TNS   : 0.000

Type  : Slow 1200mV 85C Model Minimum Pulse Width 'clk_in0'
Slack : -3.000
TNS   : -43.149

Type  : Slow 1200mV 85C Model Minimum Pulse Width 'clk_system'
Slack : -1.487
TNS   : -11.896

Type  : Slow 1200mV 0C Model Setup 'clk_in0'
Slack : -1.884
TNS   : -32.488

Type  : Slow 1200mV 0C Model Setup 'clk_system'
Slack : -1.010
TNS   : -4.661

Type  : Slow 1200mV 0C Model Hold 'clk_in0'
Slack : 0.388
TNS   : 0.000

Type  : Slow 1200mV 0C Model Hold 'clk_system'
Slack : 0.402
TNS   : 0.000

Type  : Slow 1200mV 0C Model Minimum Pulse Width 'clk_in0'
Slack : -3.000
TNS   : -43.149

Type  : Slow 1200mV 0C Model Minimum Pulse Width 'clk_system'
Slack : -1.487
TNS   : -11.896

Type  : Fast 1200mV 0C Model Setup 'clk_in0'
Slack : -0.349
TNS   : -2.308

Type  : Fast 1200mV 0C Model Setup 'clk_system'
Slack : 0.022
TNS   : 0.000

Type  : Fast 1200mV 0C Model Hold 'clk_in0'
Slack : 0.176
TNS   : 0.000

Type  : Fast 1200mV 0C Model Hold 'clk_system'
Slack : 0.188
TNS   : 0.000

Type  : Fast 1200mV 0C Model Minimum Pulse Width 'clk_in0'
Slack : -3.000
TNS   : -38.835

Type  : Fast 1200mV 0C Model Minimum Pulse Width 'clk_system'
Slack : -1.000
TNS   : -8.000

------------------------------------------------------------
