------------------------------------------------------------
TimeQuest Timing Analyzer Summary
------------------------------------------------------------

Type  : Slow 1200mV 85C Model Setup 'clk_system'
Slack : -2.990
TNS   : -11.614

Type  : Slow 1200mV 85C Model Setup 'clk_in0'
Slack : -2.070
TNS   : -46.649

Type  : Slow 1200mV 85C Model Hold 'clk_in0'
Slack : 0.436
TNS   : 0.000

Type  : Slow 1200mV 85C Model Hold 'clk_system'
Slack : 0.446
TNS   : 0.000

Type  : Slow 1200mV 85C Model Minimum Pulse Width 'clk_in0'
Slack : -3.000
TNS   : -47.610

Type  : Slow 1200mV 85C Model Minimum Pulse Width 'clk_system'
Slack : -1.487
TNS   : -11.896

Type  : Slow 1200mV 0C Model Setup 'clk_system'
Slack : -2.737
TNS   : -10.419

Type  : Slow 1200mV 0C Model Setup 'clk_in0'
Slack : -1.897
TNS   : -41.078

Type  : Slow 1200mV 0C Model Hold 'clk_in0'
Slack : 0.389
TNS   : 0.000

Type  : Slow 1200mV 0C Model Hold 'clk_system'
Slack : 0.398
TNS   : 0.000

Type  : Slow 1200mV 0C Model Minimum Pulse Width 'clk_in0'
Slack : -3.000
TNS   : -47.610

Type  : Slow 1200mV 0C Model Minimum Pulse Width 'clk_system'
Slack : -1.487
TNS   : -11.896

Type  : Fast 1200mV 0C Model Setup 'clk_system'
Slack : -0.636
TNS   : -1.361

Type  : Fast 1200mV 0C Model Setup 'clk_in0'
Slack : -0.344
TNS   : -5.165

Type  : Fast 1200mV 0C Model Hold 'clk_in0'
Slack : 0.176
TNS   : 0.000

Type  : Fast 1200mV 0C Model Hold 'clk_system'
Slack : 0.185
TNS   : 0.000

Type  : Fast 1200mV 0C Model Minimum Pulse Width 'clk_in0'
Slack : -3.000
TNS   : -42.943

Type  : Fast 1200mV 0C Model Minimum Pulse Width 'clk_system'
Slack : -1.000
TNS   : -8.000

------------------------------------------------------------
